// Jest Snapshot v1, https://goo.gl/fbAQLP

exports[`ListForm component matches snapshot 1`] = `
ShallowWrapper {
  Symbol(enzyme.__root__): [Circular],
  Symbol(enzyme.__unrendered__): <ListForm
    addItemArray={[MockFunction]}
    inputName="ingredient"
  />,
  Symbol(enzyme.__renderer__): Object {
    "batchedUpdates": [Function],
    "getNode": [Function],
    "render": [Function],
    "simulateError": [Function],
    "simulateEvent": [Function],
    "unmount": [Function],
  },
  Symbol(enzyme.__node__): Object {
    "instance": null,
    "key": undefined,
    "nodeType": "host",
    "props": Object {
      "children": Array [
        <input />,
        <button
          onClick={[Function]}
          type="button"
        >
          Add 
          ingredient
           +
        </button>,
      ],
      "className": "ingredients-input",
    },
    "ref": null,
    "rendered": Array [
      Object {
        "instance": null,
        "key": undefined,
        "nodeType": "host",
        "props": Object {},
        "ref": [Function],
        "rendered": null,
        "type": "input",
      },
      Object {
        "instance": null,
        "key": undefined,
        "nodeType": "host",
        "props": Object {
          "children": Array [
            "Add ",
            "ingredient",
            " +",
          ],
          "onClick": [Function],
          "type": "button",
        },
        "ref": null,
        "rendered": Array [
          "Add ",
          "ingredient",
          " +",
        ],
        "type": "button",
      },
    ],
    "type": "div",
  },
  Symbol(enzyme.__nodes__): Array [
    Object {
      "instance": null,
      "key": undefined,
      "nodeType": "host",
      "props": Object {
        "children": Array [
          <input />,
          <button
            onClick={[Function]}
            type="button"
          >
            Add 
            ingredient
             +
          </button>,
        ],
        "className": "ingredients-input",
      },
      "ref": null,
      "rendered": Array [
        Object {
          "instance": null,
          "key": undefined,
          "nodeType": "host",
          "props": Object {},
          "ref": [Function],
          "rendered": null,
          "type": "input",
        },
        Object {
          "instance": null,
          "key": undefined,
          "nodeType": "host",
          "props": Object {
            "children": Array [
              "Add ",
              "ingredient",
              " +",
            ],
            "onClick": [Function],
            "type": "button",
          },
          "ref": null,
          "rendered": Array [
            "Add ",
            "ingredient",
            " +",
          ],
          "type": "button",
        },
      ],
      "type": "div",
    },
  ],
  Symbol(enzyme.__options__): Object {
    "adapter": ReactSixteenAdapter {
      "options": Object {
        "enableComponentDidUpdateOnSetState": true,
        "lifecycles": Object {
          "componentDidUpdate": Object {
            "onSetState": true,
          },
          "getDerivedStateFromProps": true,
          "getSnapshotBeforeUpdate": true,
          "setState": Object {
            "skipsComponentDidUpdateOnNullish": true,
          },
        },
      },
    },
  },
}
`;
