// Jest Snapshot v1, https://goo.gl/fbAQLP

exports[`Password Change component matches snapshot 1`] = `
ShallowWrapper {
  Symbol(enzyme.__root__): [Circular],
  Symbol(enzyme.__unrendered__): <PasswordChange />,
  Symbol(enzyme.__renderer__): Object {
    "batchedUpdates": [Function],
    "getNode": [Function],
    "render": [Function],
    "simulateError": [Function],
    "simulateEvent": [Function],
    "unmount": [Function],
  },
  Symbol(enzyme.__node__): Object {
    "instance": null,
    "key": undefined,
    "nodeType": "host",
    "props": Object {
      "children": Array [
        <input
          name="passwordOne"
          onChange={[Function]}
          placeholder="New Password"
          type="password"
          value=""
        />,
        <input
          name="passwordTwo"
          onChange={[Function]}
          placeholder="Confirm New Password"
          type="password"
          value=""
        />,
        <button
          disabled={true}
          type="submit"
        >
          Reset My Password
        </button>,
        null,
      ],
      "onSubmit": [Function],
    },
    "ref": null,
    "rendered": Array [
      Object {
        "instance": null,
        "key": undefined,
        "nodeType": "host",
        "props": Object {
          "name": "passwordOne",
          "onChange": [Function],
          "placeholder": "New Password",
          "type": "password",
          "value": "",
        },
        "ref": null,
        "rendered": null,
        "type": "input",
      },
      Object {
        "instance": null,
        "key": undefined,
        "nodeType": "host",
        "props": Object {
          "name": "passwordTwo",
          "onChange": [Function],
          "placeholder": "Confirm New Password",
          "type": "password",
          "value": "",
        },
        "ref": null,
        "rendered": null,
        "type": "input",
      },
      Object {
        "instance": null,
        "key": undefined,
        "nodeType": "host",
        "props": Object {
          "children": "Reset My Password",
          "disabled": true,
          "type": "submit",
        },
        "ref": null,
        "rendered": "Reset My Password",
        "type": "button",
      },
      null,
    ],
    "type": "form",
  },
  Symbol(enzyme.__nodes__): Array [
    Object {
      "instance": null,
      "key": undefined,
      "nodeType": "host",
      "props": Object {
        "children": Array [
          <input
            name="passwordOne"
            onChange={[Function]}
            placeholder="New Password"
            type="password"
            value=""
          />,
          <input
            name="passwordTwo"
            onChange={[Function]}
            placeholder="Confirm New Password"
            type="password"
            value=""
          />,
          <button
            disabled={true}
            type="submit"
          >
            Reset My Password
          </button>,
          null,
        ],
        "onSubmit": [Function],
      },
      "ref": null,
      "rendered": Array [
        Object {
          "instance": null,
          "key": undefined,
          "nodeType": "host",
          "props": Object {
            "name": "passwordOne",
            "onChange": [Function],
            "placeholder": "New Password",
            "type": "password",
            "value": "",
          },
          "ref": null,
          "rendered": null,
          "type": "input",
        },
        Object {
          "instance": null,
          "key": undefined,
          "nodeType": "host",
          "props": Object {
            "name": "passwordTwo",
            "onChange": [Function],
            "placeholder": "Confirm New Password",
            "type": "password",
            "value": "",
          },
          "ref": null,
          "rendered": null,
          "type": "input",
        },
        Object {
          "instance": null,
          "key": undefined,
          "nodeType": "host",
          "props": Object {
            "children": "Reset My Password",
            "disabled": true,
            "type": "submit",
          },
          "ref": null,
          "rendered": "Reset My Password",
          "type": "button",
        },
        null,
      ],
      "type": "form",
    },
  ],
  Symbol(enzyme.__options__): Object {
    "adapter": ReactSixteenAdapter {
      "options": Object {
        "enableComponentDidUpdateOnSetState": true,
        "lifecycles": Object {
          "componentDidUpdate": Object {
            "onSetState": true,
          },
          "getDerivedStateFromProps": true,
          "getSnapshotBeforeUpdate": true,
          "setState": Object {
            "skipsComponentDidUpdateOnNullish": true,
          },
        },
      },
    },
  },
}
`;
