// Jest Snapshot v1, https://goo.gl/fbAQLP

exports[`RecipeForm component matches snapshot 1`] = `
ShallowWrapper {
  Symbol(enzyme.__root__): [Circular],
  Symbol(enzyme.__unrendered__): <PrintList
    dragEnd={[MockFunction]}
    list={
      Array [
        Object {
          "content": "eggs",
          "id": 1552514776779,
        },
        Object {
          "content": "butter",
          "id": 1552514776780,
        },
      ]
    }
    name="ingredients"
    remove={[MockFunction]}
  />,
  Symbol(enzyme.__renderer__): Object {
    "batchedUpdates": [Function],
    "getNode": [Function],
    "render": [Function],
    "simulateError": [Function],
    "simulateEvent": [Function],
    "unmount": [Function],
  },
  Symbol(enzyme.__node__): Object {
    "instance": null,
    "key": undefined,
    "nodeType": "class",
    "props": Object {
      "children": <Connect(Droppable)
        direction="vertical"
        droppableId="droppable"
        ignoreContainerClipping={false}
        isDropDisabled={false}
        type="DEFAULT"
      >
        [Function]
      </Connect(Droppable)>,
      "onDragEnd": [MockFunction],
    },
    "ref": null,
    "rendered": Object {
      "instance": null,
      "key": undefined,
      "nodeType": "class",
      "props": Object {
        "children": [Function],
        "direction": "vertical",
        "droppableId": "droppable",
        "ignoreContainerClipping": false,
        "isDropDisabled": false,
        "type": "DEFAULT",
      },
      "ref": null,
      "rendered": [Function],
      "type": [Function],
    },
    "type": [Function],
  },
  Symbol(enzyme.__nodes__): Array [
    Object {
      "instance": null,
      "key": undefined,
      "nodeType": "class",
      "props": Object {
        "children": <Connect(Droppable)
          direction="vertical"
          droppableId="droppable"
          ignoreContainerClipping={false}
          isDropDisabled={false}
          type="DEFAULT"
        >
          [Function]
        </Connect(Droppable)>,
        "onDragEnd": [MockFunction],
      },
      "ref": null,
      "rendered": Object {
        "instance": null,
        "key": undefined,
        "nodeType": "class",
        "props": Object {
          "children": [Function],
          "direction": "vertical",
          "droppableId": "droppable",
          "ignoreContainerClipping": false,
          "isDropDisabled": false,
          "type": "DEFAULT",
        },
        "ref": null,
        "rendered": [Function],
        "type": [Function],
      },
      "type": [Function],
    },
  ],
  Symbol(enzyme.__options__): Object {
    "adapter": ReactSixteenAdapter {
      "options": Object {
        "enableComponentDidUpdateOnSetState": true,
        "lifecycles": Object {
          "componentDidUpdate": Object {
            "onSetState": true,
          },
          "getDerivedStateFromProps": true,
          "getSnapshotBeforeUpdate": true,
          "setState": Object {
            "skipsComponentDidUpdateOnNullish": true,
          },
        },
      },
    },
  },
}
`;

exports[`RecipeForm renders a list based on ingredients props 1`] = `
<DragDropContext
  onDragEnd={[MockFunction]}
>
  <Connect(Droppable)
    direction="vertical"
    droppableId="droppable"
    ignoreContainerClipping={false}
    isDropDisabled={false}
    type="DEFAULT"
  >
    <Component />
  </Connect(Droppable)>
</DragDropContext>
`;
